# ** Note: (vsim-220) 'C:/altera_lite/25.1std/questa_fse/win64/../modelsim.ini' is used as the ini file.
# vsim -c work.tb_hybrid_pso_fuzzy_export -wlf C:/Users/Ferna/Documents/FPGA_MPPT_FUZZY_PSO/results_final/Feb_2023.wlf -l C:/Users/Ferna/Documents/FPGA_MPPT_FUZZY_PSO/results_final/Feb_2023_vsim.log -do "run -all; quit -f" -gC2_PSO_G_TB=40 -gRHO_MAX_G_TB=56 -gERROR_GAIN_G_TB=1 -gFOKKER_STEP_MIN_G_TB=1 -gDELTA_V_MIN_G_TB=16 -gFOKKER_STEP_MAX_G_TB=4 -gVEL_MIN_G_TB=-10 -gDEADZONE_G_TB=2 -gFUZZY_STEP_G_TB=40 -gFUZZY_EDGE_G_TB=100 -gVEL_MAX_G_TB=10 -gC1_PSO_G_TB=30 -gSEARCH_RADIUS_G_TB=8 -gDUTY_DIRECTION_G_TB=-1 -gSETTLE_CYCLES_G=1 -gW_PSO_G_TB=30 -gRESET_ON_DATE_CHANGE_G_TB=1 -gSEARCH_CENTER_MODE_G_TB=0 -gPOWER_SCALE_DEN_G_TB=65536 -gDATASET_FILE=C:/Users/Ferna/Documents/FPGA_MPPT_FUZZY_PSO/results_final/dados_pre_processados/Feb_2023_dataset.txt -gRESULT_FILE=C:/Users/Ferna/Documents/FPGA_MPPT_FUZZY_PSO/results_final/Feb_2023_results.txt -gRHO_MIN_G_TB=50 
# Start time: 02:15:41 on May 23,2026
# ** Note: (vsim-3812) Design is being optimized...
# ** Note: (vopt-220) 'C:/altera_lite/25.1std/questa_fse/win64/../modelsim.ini' is used as the ini file.
# //  Questa Altera Starter FPGA Edition-64
# //  Version 2025.2 win64 May 31 2025
# //
# // Unpublished work. Copyright 2025 Siemens
# //
# // This material contains trade secrets or otherwise confidential information
# // owned by Siemens Industry Software Inc. or its affiliates (collectively,
# // "SISW"), or its licensors. Access to and use of this information is strictly
# // limited as set forth in the Customer's applicable agreements with SISW.
# //
# // This material may not be copied, distributed, or otherwise disclosed outside
# // of the Customer's facilities without the express written permission of SISW,
# // and may not be used in any way not expressly authorized by SISW.
# //
# Loading std.standard
# Loading std.textio(body)
# Loading ieee.std_logic_1164(body)
# Loading ieee.numeric_std(body)
# Loading work.hybrid_mppt_pkg(body)
# Loading work.tb_hybrid_pso_fuzzy_export(sim)#1
# Loading work.hybrid_pso_fuzzy_mppt(structural)#1
# run -all
# ** Failure: Simulation finished successfully.
#    Time: 8544970 ns  Iteration: 0  Process: /tb_hybrid_pso_fuzzy_export/stim_proc File: tb_hybrid_pso_fuzzy_export.vhd
# Break in Process stim_proc at tb_hybrid_pso_fuzzy_export.vhd line 294
# Stopped at tb_hybrid_pso_fuzzy_export.vhd line 294
#  quit -f
# End time: 02:18:06 on May 23,2026, Elapsed time: 0:02:25
# Errors: 1, Warnings: 0
